Component: ARM Compiler 5.06 update 2 (build 183) Tool: armlink [4d35b7]

==============================================================================

Section Cross References

    ucos_task.o(.text) refers to mpu6050.o(.text) for MPU6050_Read
    ucos_task.o(.text) refers to hml_sample.o(.text) for ANO_AK8975_Read
    ucos_task.o(.text) refers to ms5611_2.o(.text) for MS5611_ThreadNew
    ucos_task.o(.text) refers to delay.o(.text) for delay_ms
    ucos_task.o(.text) refers to time.o(.text) for Get_Cycle_T
    ucos_task.o(.text) refers to rc.o(.text) for RC_Duty
    ucos_task.o(.text) refers to att_control.o(.text) for CTRL_1
    ucos_task.o(.text) refers to circle.o(.text) for GPS_Qr_Control
    ucos_task.o(.text) refers to misc.o(.text) for NVIC_Init
    ucos_task.o(.text) refers to f2d.o(x$fpl$f2d) for __aeabi_f2d
    ucos_task.o(.text) refers to ddiv.o(x$fpl$ddiv) for __aeabi_ddiv
    ucos_task.o(.text) refers to dmul.o(x$fpl$dmul) for __aeabi_dmul
    ucos_task.o(.text) refers to daddsub_clz.o(x$fpl$dadd) for __aeabi_dadd
    ucos_task.o(.text) refers to dfixu.o(x$fpl$dfixu) for __aeabi_d2uiz
    ucos_task.o(.text) refers to ucos_task.o(.data) for cnt
    ucos_task.o(.text) refers to ucos_task.o(.bss) for Rc_Pwm_In
    ucos_task.o(.text) refers to usart_fc.o(.bss) for gpsx
    ucos_task.o(.text) refers to circle.o(.bss) for m100
    ucos_task.o(.text) refers to pwm_inm.o(.bss) for Rc_Pwm_Inr_mine
    ucos_task.o(.text) refers to dflt_clz.o(x$fpl$dfltu) for __aeabi_ui2d
    ucos_task.o(.text) refers to fabs.o(i.__hardfp_fabs) for __hardfp_fabs
    ucos_task.o(.text) refers to drleqf.o(x$fpl$drleqf) for __aeabi_cdrcmple
    ucos_task.o(.text) refers to d2f.o(x$fpl$d2f) for __aeabi_d2f
    ucos_task.o(.text) refers to dflt_clz.o(x$fpl$dflt) for __aeabi_i2d
    ucos_task.o(.text) refers to dleqf.o(x$fpl$dleqf) for __aeabi_cdcmple
    ucos_task.o(.text) refers to att_control.o(.data) for state_v
    ucos_task.o(.text) refers to alt_kf.o(.data) for ALT_POS_SONAR2
    ucos_task.o(.text) refers to my_math.o(.text) for my_deathzoom
    ucos_task.o(.text) refers to usart_fc.o(.data) for KEY
    ucos_task.o(.text) refers to mpu6050.o(.bss) for mpu6050
    ucos_task.o(.text) refers to imu.o(.data) for Roll
    ucos_task.o(.text) refers to pwm_out.o(.text) for SetPwm
    ucos_task.o(.text) refers to imu.o(.text) for IMUupdate
    ucos_task.o(.text) refers to rc_mine.o(.text) for Nrf_Check_Event
    ucos_task.o(.text) refers to pwm_inm.o(.text) for PWIN_CAL
    ucos_task.o(.text) refers to alt_kf.o(.text) for altUkfProcess
    ucos_task.o(.text) refers to ultrasonic.o(.text) for Ultra_Duty
    ucos_task.o(.text) refers to sin.o(i.__hardfp_sin) for __hardfp_sin
    ucos_task.o(.text) refers to cos.o(i.__hardfp_cos) for __hardfp_cos
    ucos_task.o(.text) refers to daddsub_clz.o(x$fpl$dsub) for __aeabi_dsub
    ucos_task.o(.text) refers to basic.o(x$fpl$basic) for __aeabi_dneg
    ucos_task.o(.text) refers to rc.o(.data) for fly_ready
    ucos_task.o(.text) refers to imu.o(.bss) for q_nav
    ucos_task.o(.text) refers to flow.o(.data) for pixel_flow_x2
    ucos_task.o(.text) refers to m100.o(.text) for m100_data
    ucos_task.o(.text) refers to usart_fc.o(.text) for CPU_LINK_TASK
    ucos_task.o(.text) refers to stm32f4xx_dma.o(.text) for DMA_GetFlagStatus
    ucos_task.o(.text) refers to stm32f4xx_usart.o(.text) for USART_DMACmd
    ucos_task.o(.text) refers to dma.o(.text) for MYDMA_Enable
    ucos_task.o(.text) refers to dfix.o(x$fpl$dfix) for __aeabi_d2iz
    ucos_task.o(.text) refers to ms5611_2.o(.data) for baroAlt
    ucos_task.o(.text) refers to height_ctrl.o(.data) for thr_use
    ucos_task.o(.text) refers to led_fc.o(.text) for LEDRGB_STATE
    ucos_task.o(.text) refers to ultrasonic.o(.data) for ultra_distance
    ucos_task.o(.text) refers to os_core.o(.data) for OSCPUUsage
    main.o(.text) refers to os_mbox.o(.text) for OSMboxCreate
    main.o(.text) refers to os_q.o(.text) for OSQCreate
    main.o(.text) refers to os_flag.o(.text) for OSFlagCreate
    main.o(.text) refers to os_core.o(.text) for OSStatInit
    main.o(.text) refers to os_tmr.o(.text) for OSTmrCreate
    main.o(.text) refers to os_cpu_a.o(.text) for OS_CPU_SR_Save
    main.o(.text) refers to os_task.o(.text) for OSTaskCreate
    main.o(.text) refers to misc.o(.text) for NVIC_PriorityGroupConfig
    main.o(.text) refers to delay.o(.text) for delay_init
    main.o(.text) refers to pwm_out.o(.text) for SEL_Init
    main.o(.text) refers to pwm_inm.o(.text) for PWM_IN_Init
    main.o(.text) refers to parameter.o(.text) for Para_Init
    main.o(.text) refers to flash.o(.text) for READ_PARM
    main.o(.text) refers to time.o(.text) for Initial_Timer_SYS
    main.o(.text) refers to iic_soft.o(.text) for I2c_Soft_Init
    main.o(.text) refers to ms5611_2.o(.text) for MS5611_Init
    main.o(.text) refers to mpu6050.o(.text) for MPU6050_Init
    main.o(.text) refers to hml_sample.o(.text) for HMC5883L_SetUp
[...]
    inner_loop_time                          0x2000a010   Data           4  ucos_task.o(.data)
    dj_k                                     0x2000a014   Data           4  ucos_task.o(.data)
    dj_k2                                    0x2000a018   Data           4  ucos_task.o(.data)
    dj_k_mouse                               0x2000a01c   Data           4  ucos_task.o(.data)
    k_dj                                     0x2000a020   Data          24  ucos_task.o(.data)
    d_t                                      0x2000a038   Data           8  ucos_task.o(.data)
    dt_flt                                   0x2000a040   Data           4  ucos_task.o(.data)
    flt_track                                0x2000a044   Data          12  ucos_task.o(.data)
    DJ_YAW_OFF                               0x2000a050   Data           4  ucos_task.o(.data)
    Rc_Pwm_off                               0x2000a054   Data          32  ucos_task.o(.data)
    k_yaw_z                                  0x2000a074   Data           4  ucos_task.o(.data)
    k_reset                                  0x2000a078   Data           4  ucos_task.o(.data)
    state_v_test2                            0x2000a07c   Data           1  ucos_task.o(.data)
    dead_pan_z                               0x2000a080   Data           4  ucos_task.o(.data)
    k_pan_z                                  0x2000a084   Data           4  ucos_task.o(.data)
    rc_thr_mid                               0x2000a088   Data           1  ucos_task.o(.data)
    flt_gro_z                                0x2000a08c   Data           4  ucos_task.o(.data)
    Yaw_Follow_Dead                          0x2000a090   Data           4  ucos_task.o(.data)
    SHOOT_PWM_OFF0                           0x2000a094   Data           4  ucos_task.o(.data)
    SHOOT_PWM_OFF1                           0x2000a098   Data           4  ucos_task.o(.data)
    SHOOT_PWM_DEAD0                          0x2000a09c   Data           4  ucos_task.o(.data)
    SHOOT_PWM_DEAD1                          0x2000a0a0   Data           4  ucos_task.o(.data)
    YUN_PER_OFF                              0x2000a0a4   Data           4  ucos_task.o(.data)
    T_SHOOT_CHECK                            0x2000a0a8   Data           4  ucos_task.o(.data)
    DJ_TEST                                  0x2000a0ac   Data           6  ucos_task.o(.data)
    kp_dj                                    0x2000a0b4   Data          12  ucos_task.o(.data)
    i_yaw                                    0x2000a0c0   Data           4  ucos_task.o(.data)
    k_scan                                   0x2000a0c4   Data           4  ucos_task.o(.data)
    SCAN_RANGE                               0x2000a0c8   Data           1  ucos_task.o(.data)
    flag_yun                                 0x2000a0cc   Data           8  ucos_task.o(.data)
    Rc_Pwm_Out_mine_USE                      0x2000a0d4   Data           8  ucos_task.o(.data)
    k_m100_gps                               0x2000a0dc   Data          12  ucos_task.o(.data)
    k_m100_down                              0x2000a0e8   Data          12  ucos_task.o(.data)
    k_m100_scan                              0x2000a0f4   Data          12  ucos_task.o(.data)
    k_m100_track                             0x2000a100   Data          12  ucos_task.o(.data)
    k_m100_shoot                             0x2000a10c   Data          12  ucos_task.o(.data)
    k_m100_laser_avoid                       0x2000a118   Data           4  ucos_task.o(.data)
    k_m100_yaw                               0x2000a11c   Data           4  ucos_task.o(.data)
    en_yun_track                             0x2000a120   Data           1  ucos_task.o(.data)
    PWM_DJ0                                  0x2000a122   Data           2  ucos_task.o(.data)
    PWM_DJ1                                  0x2000a124   Data           2  ucos_task.o(.data)
    outer_loop_time                          0x2000a128   Data           4  ucos_task.o(.data)
    Pitch_R                                  0x2000a12c   Data           4  ucos_task.o(.data)
    Roll_R                                   0x2000a130   Data           4  ucos_task.o(.data)
    Yaw_R                                    0x2000a134   Data           4  ucos_task.o(.data)
    en_shoot                                 0x2000a138   Data           1  ucos_task.o(.data)
    ACC_SPEED_NUM_USE                        0x2000a139   Data           1  ucos_task.o(.data)
    acc_cnt                                  0x2000a13a   Data           4  ucos_task.o(.data)
    wz_speed_flow                            0x2000a140   Data           8  ucos_task.o(.data)
    w_acc_spd                                0x2000a148   Data           4  ucos_task.o(.data)
    w_acc_fix                                0x2000a14c   Data           4  ucos_task.o(.data)
    en_vrc                                   0x2000a150   Data           1  ucos_task.o(.data)
    m100_control_mode                        0x2000a151   Data           1  ucos_task.o(.data)
    k_m100                                   0x2000a154   Data          20  ucos_task.o(.data)
    UART_UP_LOAD_SEL                         0x2000a168   Data           1  ucos_task.o(.data)
    state_v_test                             0x2000a169   Data           1  ucos_task.o(.data)
    num_need_to_check                        0x2000a16a   Data           1  ucos_task.o(.data)
    tmr1                                     0x2000a16c   Data           4  ucos_task.o(.data)
    tmr2                                     0x2000a170   Data           4  ucos_task.o(.data)
    tmr3                                     0x2000a174   Data           4  ucos_task.o(.data)
    cpuusage                                 0x2000a178   Data           2  ucos_task.o(.data)
    dji_rst_protect                          0x2000a17a   Data           1  ucos_task.o(.data)
    dji_rst                                  0x2000a17b   Data           1  ucos_task.o(.data)
    DJI_CONNECT                              0x2000a17c   Data           1  ucos_task.o(.data)
    dji_miss_cnt                             0x2000a17e   Data           2  ucos_task.o(.data)
    dji_rc_miss                              0x2000a180   Data           1  ucos_task.o(.data)
    dji_rc_miss_cnt                          0x2000a182   Data           2  ucos_task.o(.data)
    msg_key                                  0x2000a1f4   Data           4  main.o(.data)
    q_msg                                    0x2000a1f8   Data           4  main.o(.data)
    flags_key                                0x2000a1fc   Data           4  main.o(.data)
    en_read                                  0x2000a200   Data           1  main.o(.data)
    SystemCoreClock                          0x2000a204   Data           4  system_stm32f4xx.o(.data)
    AHBPrescTable                            0x2000a208   Data          16  system_stm32f4xx.o(.data)
    OSCtxSwCtr                               0x2000a22c   Data           4  os_core.o(.data)
    OSEventFreeList                          0x2000a230   Data           4  os_core.o(.data)
    OSFlagFreeList                           0x2000a234   Data           4  os_core.o(.data)
    OSCPUUsage                               0x2000a238   Data           1  os_core.o(.data)
    OSIdleCtrMax                             0x2000a23c   Data           4  os_core.o(.data)
    OSIdleCtrRun                             0x2000a240   Data           4  os_core.o(.data)
    OSStatRdy                                0x2000a244   Data           1  os_core.o(.data)
    OSIntNesting                             0x2000a245   Data           1  os_core.o(.data)
    OSLockNesting                            0x2000a246   Data           1  os_core.o(.data)
    OSPrioCur                                0x2000a247   Data           1  os_core.o(.data)
    OSPrioHighRdy                            0x2000a248   Data           1  os_core.o(.data)
    OSRdyGrp                                 0x2000a249   Data           1  os_core.o(.data)
    OSRdyTbl                                 0x2000a24a   Data           8  os_core.o(.data)
    OSRunning                                0x2000a252   Data           1  os_core.o(.data)
    OSTaskCtr                                0x2000a253   Data           1  os_core.o(.data)
    OSIdleCtr                                0x2000a254   Data           4  os_core.o(.data)
    OSTCBCur                                 0x2000a258   Data           4  os_core.o(.data)
    OSTCBFreeList                            0x2000a25c   Data           4  os_core.o(.data)
    OSTCBHighRdy                             0x2000a260   Data           4  os_core.o(.data)
    OSTCBList                                0x2000a264   Data           4  os_core.o(.data)
    OSTickStepState                          0x2000a268   Data           1  os_core.o(.data)
    OSQFreeList                              0x2000a26c   Data           4  os_core.o(.data)
    OSTime                                   0x2000a270   Data           4  os_core.o(.data)
    OSTmrFree                                0x2000a274   Data           2  os_core.o(.data)
    OSTmrUsed                                0x2000a276   Data           2  os_core.o(.data)
    OSTmrTime                                0x2000a278   Data           4  os_core.o(.data)
    OSTmrSem                                 0x2000a27c   Data           4  os_core.o(.data)
    OSTmrSemSignal                           0x2000a280   Data           4  os_core.o(.data)
    OSTmrFreeList                            0x2000a284   Data           4  os_core.o(.data)
    OSInterrputSum                           0x2000a288   Data           4  os_cpu_c.o(.data)
    I2C_FastMode                             0x2000a28e   Data           1  iic_soft.o(.data)
    shoot_cnt                                0x2000a29a   Data           6  pwm_out.o(.data)
    CH_out_Mapping                           0x2000a2a0   Data           4  pwm_out.o(.data)
    sel                                      0x2000a2a4   Data           1  pwm_out.o(.data)
    sysTickUptime                            0x2000a2ac   Data           4  time.o(.data)
    time_1h                                  0x2000a2b0   Data           4  time.o(.data)
    time_1m                                  0x2000a2b4   Data           4  time.o(.data)
    time_1s                                  0x2000a2b8   Data           4  time.o(.data)
    time_1ms                                 0x2000a2bc   Data           4  time.o(.data)
    T_sonar                                  0x2000a2c0   Data           4  ultrasonic.o(.data)
    ultra_start_f                            0x2000a2c4   Data           1  ultrasonic.o(.data)
    ultra_start_f_rx                         0x2000a2c5   Data           1  ultrasonic.o(.data)
    ultra_time                               0x2000a2c6   Data           1  ultrasonic.o(.data)
    ultra_ok                                 0x2000a2c7   Data           1  ultrasonic.o(.data)
    en_sonar                                 0x2000a2c8   Data           1  ultrasonic.o(.data)
    x_pred                                   0x2000a2d0   Data           8  ultrasonic.o(.data)
    v_pred                                   0x2000a2d8   Data           8  ultrasonic.o(.data)
    x_post                                   0x2000a2e0   Data           8  ultrasonic.o(.data)
    v_post                                   0x2000a2e8   Data           8  ultrasonic.o(.data)
    sonar_raw                                0x2000a2f0   Data           4  ultrasonic.o(.data)
    scale_kal_sonar_v                        0x2000a2f4   Data           4  ultrasonic.o(.data)
    x_pred_bmp                               0x2000a2f8   Data           8  ultrasonic.o(.data)
    v_pred_bmp                               0x2000a300   Data           8  ultrasonic.o(.data)
    x_post_bmp                               0x2000a308   Data           8  ultrasonic.o(.data)
    v_post_bmp                               0x2000a310   Data           8  ultrasonic.o(.data)
    state_dj                                 0x2000a318   Data           5  ultrasonic.o(.data)
    state_dj_rx                              0x2000a31d   Data           5  ultrasonic.o(.data)
    IO_STATE                                 0x2000a322   Data           5  ultrasonic.o(.data)
    IO_STATER                                0x2000a327   Data           5  ultrasonic.o(.data)
    TEMP_SONAR                               0x2000a32c   Data           4  ultrasonic.o(.data)
    cnt_sample1r                             0x2000a330   Data           4  ultrasonic.o(.data)
    ultra_distance                           0x2000a334   Data           4  ultrasonic.o(.data)
    ultra_distance_r                         0x2000a338   Data           4  ultrasonic.o(.data)
    ultra_delta                              0x2000a33c   Data           4  ultrasonic.o(.data)
    OFF_H_M100                               0x2000a340   Data           4  ultrasonic.o(.data)
    PER_SCAL                                 0x2000a35c   Data           1  pwm_inm.o(.data)
    cnt_sample1                              0x2000a360   Data           4  pwm_inm.o(.data)
    PWMMAX                                   0x2000a364   Data           2  pwm_inm.o(.data)
    PWMMIN                                   0x2000a366   Data           2  pwm_inm.o(.data)
    PWMT                                     0x2000a368   Data           2  pwm_inm.o(.data)
    led_cnt                                  0x2000a36a   Data           2  pwm_inm.o(.data)
    TX_ADDRESS                               0x2000a392   Data           5  nrf.o(.data)
    RX_ADDRESS                               0x2000a397   Data           5  nrf.o(.data)
    QH                                       0x2000a39c   Data           2  rc_mine.o(.data)
    ZY                                       0x2000a39e   Data           2  rc_mine.o(.data)
    XZ                                       0x2000a3a0   Data           2  rc_mine.o(.data)
    is_lock                                  0x2000a3a2   Data           1  rc_mine.o(.data)
    EN_FIX_GPSF                              0x2000a3a3   Data           1  rc_mine.o(.data)
    EN_FIX_LOCKWF                            0x2000a3a4   Data           1  rc_mine.o(.data)
    EN_CONTROL_IMUF                          0x2000a3a5   Data           1  rc_mine.o(.data)
    EN_FIX_INSF                              0x2000a3a6   Data           1  rc_mine.o(.data)
    EN_FIX_HIGHF                             0x2000a3a7   Data           1  rc_mine.o(.data)
    tx_lock                                  0x2000a3a8   Data           1  rc_mine.o(.data)
    EN_FIX_GPS                               0x2000a3a9   Data           1  rc_mine.o(.data)
    EN_FIX_LOCKW                             0x2000a3aa   Data           1  rc_mine.o(.data)
    EN_CONTROL_IMU                           0x2000a3ab   Data           1  rc_mine.o(.data)
    EN_FIX_INS                               0x2000a3ac   Data           1  rc_mine.o(.data)
    EN_FIX_HIGH                              0x2000a3ad   Data           1  rc_mine.o(.data)
    EN_TX_GX                                 0x2000a3ae   Data           1  rc_mine.o(.data)
    EN_TX_AX                                 0x2000a3af   Data           1  rc_mine.o(.data)
    EN_TX_HM                                 0x2000a3b0   Data           1  rc_mine.o(.data)
    EN_TX_YRP                                0x2000a3b1   Data           1  rc_mine.o(.data)
    EN_TX_GPS                                0x2000a3b2   Data           1  rc_mine.o(.data)
    EN_TX_HIGH                               0x2000a3b3   Data           1  rc_mine.o(.data)
    up_load_set                              0x2000a3b4   Data           1  rc_mine.o(.data)
    up_load_pid                              0x2000a3b5   Data           1  rc_mine.o(.data)
    key_rc                                   0x2000a3b6   Data           6  rc_mine.o(.data)
    Yaw_sb_rc                                0x2000a3bc   Data           2  rc_mine.o(.data)
    cnt_rst                                  0x2000a3be   Data           1  rc_mine.o(.data)
    delta_pitch                              0x2000a3bf   Data           1  rc_mine.o(.data)
    delta_roll                               0x2000a3c0   Data           1  rc_mine.o(.data)
    delta_yew                                0x2000a3c1   Data           1  rc_mine.o(.data)
    data_rate                                0x2000a3c2   Data           2  rc_mine.o(.data)
    control_scale                            0x2000a3c4   Data           4  rc_mine.o(.data)
    RC_CONNECT                               0x2000a3c8   Data           1  rc_mine.o(.data)
    cnt_timer2_r                             0x2000a3cc   Data           4  rc_mine.o(.data)
    cnt_led_rx                               0x2000a3d0   Data           1  rc_mine.o(.data)
    CH_in_Mapping                            0x2000a3e8   Data           8  rc.o(.data)
    NS                                       0x2000a3f0   Data           1  rc.o(.data)
    CH_Error                                 0x2000a3f1   Data           8  rc.o(.data)
    NS_cnt                                   0x2000a3fa   Data           2  rc.o(.data)
    MAX_CH                                   0x2000a3fc   Data          16  rc.o(.data)
    MIN_CH                                   0x2000a40c   Data          16  rc.o(.data)
    CH_DIR                                   0x2000a41c   Data           8  rc.o(.data)
    filter_A                                 0x2000a424   Data           4  rc.o(.data)
    fly_ready                                0x2000a428   Data           1  rc.o(.data)
    ready_cnt                                0x2000a42a   Data           2  rc.o(.data)
    height_ctrl_mode                         0x2000a42c   Data           1  rc.o(.data)
    height_ctrl_mode_use                     0x2000a42d   Data           1  rc.o(.data)
    dt_flow_rx                               0x2000a430   Data           4  usart_fc.o(.data)
    data_rate_gol_link                       0x2000a434   Data           2  usart_fc.o(.data)
    LOCK                                     0x2000a436   Data           1  usart_fc.o(.data)
    KEY                                      0x2000a437   Data           8  usart_fc.o(.data)
    KEY_SEL                                  0x2000a43f   Data           4  usart_fc.o(.data)
    NAV_BOARD_CONNECT                        0x2000a443   Data           1  usart_fc.o(.data)
    SONAR_HEAD_CHECK                         0x2000a444   Data           2  usart_fc.o(.data)
    imu_loss_cnt                             0x2000a448   Data           4  usart_fc.o(.data)
    S_head                                   0x2000a44c   Data           2  usart_fc.o(.data)
    Pitch_DJ                                 0x2000a450   Data           4  usart_fc.o(.data)
    Roll_DJ                                  0x2000a454   Data           4  usart_fc.o(.data)
    ALT_POS_SONAR_HEAD                       0x2000a458   Data           4  usart_fc.o(.data)
    ALT_POS_SONAR_HEAD_LASER_SCANER          0x2000a45c   Data           4  usart_fc.o(.data)
    laser_sel                                0x2000a460   Data           1  usart_fc.o(.data)
    TxCounter                                0x2000a461   Data           1  usart_fc.o(.data)
    count                                    0x2000a462   Data           1  usart_fc.o(.data)
    RxState                                  0x2000a463   Data           1  usart_fc.o(.data)
    RxBufferNum                              0x2000a464   Data           1  usart_fc.o(.data)
    RxBufferCnt                              0x2000a465   Data           1  usart_fc.o(.data)
    RxLen                                    0x2000a466   Data           1  usart_fc.o(.data)
    com_data                                 0x2000a467   Data           1  usart_fc.o(.data)
    Tx5Counter                               0x2000a46a   Data           1  usart_fc.o(.data)
    count5                                   0x2000a46b   Data           1  usart_fc.o(.data)
    buf_GPRMC                                0x2000a46c   Data         100  usart_fc.o(.data)
    buf_GPRMCt                               0x2000a4d0   Data         100  usart_fc.o(.data)
    buf_GPGGA                                0x2000a534   Data         100  usart_fc.o(.data)
    buf_GPGGAt                               0x2000a598   Data         100  usart_fc.o(.data)
    cnt_m100_data_refresh                    0x2000a5fc   Data           2  usart_fc.o(.data)
    m100_data_refresh                        0x2000a5fe   Data           1  usart_fc.o(.data)
    TxCounter4                               0x2000a5ff   Data           1  usart_fc.o(.data)
    count4                                   0x2000a600   Data           1  usart_fc.o(.data)
    RxState4                                 0x2000a601   Data           1  usart_fc.o(.data)
    RxBufferNum4                             0x2000a602   Data           1  usart_fc.o(.data)
    RxBufferCnt4                             0x2000a603   Data           1  usart_fc.o(.data)
    RxLen4                                   0x2000a604   Data           1  usart_fc.o(.data)
    k_laser                                  0x2000a608   Data           4  usart_fc.o(.data)
    rate_gps_board                           0x2000a60c   Data           4  usart_fc.o(.data)
    avoid_color                              0x2000a610   Data           4  usart_fc.o(.data)
    RxState3                                 0x2000a614   Data           1  usart_fc.o(.data)
    RxBufferNum3                             0x2000a615   Data           1  usart_fc.o(.data)
    RxBufferCnt3                             0x2000a616   Data           1  usart_fc.o(.data)
    RxLen3                                   0x2000a617   Data           1  usart_fc.o(.data)
    mav_flow_sel                             0x2000a61a   Data           1  usart_fc.o(.data)
    FLOW_STATE                               0x2000a61b   Data           4  usart_fc.o(.data)
    GPS_SEL1                                 0x2000a640   Data           1  gps.o(.data)
    gps_dt                                   0x2000a644   Data           4  gps.o(.data)
    m100_x_g                                 0x2000a648   Data           4  m100.o(.data)
    m100_y_g                                 0x2000a64c   Data           4  m100.o(.data)
    m100_z_g                                 0x2000a650   Data           4  m100.o(.data)
    m100_yaw_g                               0x2000a654   Data           4  m100.o(.data)
    ak8975                                   0x2000a658   Data          44  hml_sample.o(.data)
    ak8975_ok                                0x2000a6d8   Data           1  hml_sample.o(.data)
    Mag_CALIBRATED                           0x2000a6d9   Data           1  hml_sample.o(.data)
    Mag_CALIBRATED_R                         0x2000a6da   Data           1  hml_sample.o(.data)
    HMC5883_lastx                            0x2000a6dc   Data           4  hml_sample.o(.data)
    HMC5883_lasty                            0x2000a6e0   Data           4  hml_sample.o(.data)
    HMC5883_lastz                            0x2000a6e4   Data           4  hml_sample.o(.data)
    HMC5883_maxx                             0x2000a6e8   Data           2  hml_sample.o(.data)
    HMC5883_maxy                             0x2000a6ea   Data           2  hml_sample.o(.data)
    HMC5883_maxz                             0x2000a6ec   Data           2  hml_sample.o(.data)
    HMC5883_minx                             0x2000a6ee   Data           2  hml_sample.o(.data)
    HMC5883_miny                             0x2000a6f0   Data           2  hml_sample.o(.data)
    HMC5883_minz                             0x2000a6f2   Data           2  hml_sample.o(.data)
    mpu6050_ok                               0x2000a728   Data           1  mpu6050.o(.data)
    acc_sum_cnt                              0x2000a72a   Data           2  mpu6050.o(.data)
    gyro_sum_cnt                             0x2000a72c   Data           2  mpu6050.o(.data)
    filter_cnt                               0x2000a7d0   Data           1  mpu6050.o(.data)
    filter_cnt_old                           0x2000a7d1   Data           1  mpu6050.o(.data)
    test_ang                                 0x2000a7d4   Data           4  mpu6050.o(.data)
    test_ang_old                             0x2000a7d8   Data           4  mpu6050.o(.data)
    test_ang_d                               0x2000a7dc   Data           4  mpu6050.o(.data)
    test_fli_a                               0x2000a7e0   Data           4  mpu6050.o(.data)
    test_i                                   0x2000a7e4   Data           4  mpu6050.o(.data)
    acc_max                                  0x2000a7e8   Data          12  mpu6050.o(.data)
    acc_min                                  0x2000a7f4   Data          12  mpu6050.o(.data)
    paOffsetNum                              0x2000a820   Data           8  ms5611_2.o(.data)
    paInitCnt                                0x2000a828   Data           2  ms5611_2.o(.data)
    paOffsetInited                           0x2000a82a   Data           1  ms5611_2.o(.data)
    Baro_ALT_Updated                         0x2000a82b   Data           1  ms5611_2.o(.data)
    MS5611_Temperature                       0x2000a82c   Data           4  ms5611_2.o(.data)
    MS5611_Pressure                          0x2000a830   Data           4  ms5611_2.o(.data)
    MS5611_Altitude                          0x2000a834   Data           4  ms5611_2.o(.data)
    MS5611_VerticalSpeed                     0x2000a838   Data           4  ms5611_2.o(.data)
    MS5611_Delay_us                          0x2000a83c   Data          36  ms5611_2.o(.data)
    baroAlt                                  0x2000a870   Data           4  ms5611_2.o(.data)
    baro_off                                 0x2000a874   Data           4  ms5611_2.o(.data)
    baro_set                                 0x2000a878   Data           1  ms5611_2.o(.data)
    flt                                      0x2000a890   Data           4  flow.o(.data)
    scale_groz                               0x2000a894   Data           4  flow.o(.data)
    scale_grox                               0x2000a898   Data           4  flow.o(.data)
    scale_groh                               0x2000a89c   Data           4  flow.o(.data)
    scale_acc                                0x2000a8a0   Data           4  flow.o(.data)
    dead_acc                                 0x2000a8a4   Data           4  flow.o(.data)
    dead_gro                                 0x2000a8a8   Data           4  flow.o(.data)
    flow_fps                                 0x2000a8ac   Data           1  flow.o(.data)
    pixel_flow_x                             0x2000a8b0   Data           8  flow.o(.data)
    pixel_flow_x_gro_fix                     0x2000a8b8   Data           8  flow.o(.data)
    pixel_flow_y_gro_fix                     0x2000a8c0   Data           8  flow.o(.data)
    pixel_flow_y                             0x2000a8c8   Data           8  flow.o(.data)
    pixel_flow_x2                            0x2000a8d0   Data           8  flow.o(.data)
    pixel_flow_y2                            0x2000a8d8   Data           8  flow.o(.data)
    flow_compx                               0x2000a8e0   Data           8  flow.o(.data)
    flow_compy                               0x2000a8e8   Data           8  flow.o(.data)
    pixel_flow_x_pix                         0x2000a8f0   Data           4  flow.o(.data)
    pixel_flow_y_pix                         0x2000a8f4   Data           4  flow.o(.data)
    deg_delay                                0x2000a8f8   Data           1  flow.o(.data)
    ultra_distance_flow                      0x2000a8fc   Data           4  flow.o(.data)
    get_time_between_images                  0x2000a900   Data           4  flow.o(.data)
    exp_spd_zv                               0x2000a930   Data           4  height_ctrl.o(.data)
    thr_use                                  0x2000a934   Data           4  height_ctrl.o(.data)
    thr_in_view                              0x2000a938   Data           4  height_ctrl.o(.data)
    exp_height_speed                         0x2000a93c   Data           4  height_ctrl.o(.data)
    exp_height                               0x2000a940   Data           4  height_ctrl.o(.data)
    exp_height_check                         0x2000a944   Data           4  height_ctrl.o(.data)
    exp_height_front                         0x2000a948   Data           4  height_ctrl.o(.data)
    exp_height_back                          0x2000a94c   Data           4  height_ctrl.o(.data)
    exp_height_shoot_off                     0x2000a950   Data           4  height_ctrl.o(.data)
    exp_height_speed_safe                    0x2000a954   Data           4  height_ctrl.o(.data)
    exp_height_safe                          0x2000a958   Data           4  height_ctrl.o(.data)
    ultra_speed                              0x2000a95c   Data           4  height_ctrl.o(.data)
    ultra_speed_safe                         0x2000a960   Data           4  height_ctrl.o(.data)
    ultra_dis_lpf                            0x2000a964   Data           4  height_ctrl.o(.data)
    ultra_dis_lpf_safe                       0x2000a968   Data           4  height_ctrl.o(.data)
    ultra_ctrl_out_safe                      0x2000a96c   Data           4  height_ctrl.o(.data)
    ultra_ctrl_out                           0x2000a970   Data           4  height_ctrl.o(.data)
    ultra_ctrl_out_head                      0x2000a974   Data           4  height_ctrl.o(.data)
    baro_speed                               0x2000a978   Data           4  height_ctrl.o(.data)
    height_ctrl_out                          0x2000a97c   Data           4  height_ctrl.o(.data)
    height_ctrl_out_head                     0x2000a980   Data           4  height_ctrl.o(.data)
    wz_acc                                   0x2000a984   Data           4  height_ctrl.o(.data)
    adrc_out                                 0x2000a988   Data           4  height_ctrl.o(.data)
    baro_cnt                                 0x2000a98c   Data           2  height_ctrl.o(.data)
    switch_r                                 0x2000a98e   Data           1  height_ctrl.o(.data)
    wz_acc_ukf                               0x2000a990   Data           4  height_ctrl.o(.data)
    cnt_height                               0x2000a994   Data           1  height_ctrl.o(.data)
    out_timer_high                           0x2000a998   Data           4  height_ctrl.o(.data)
    in_timer_high                            0x2000a99c   Data           4  height_ctrl.o(.data)
    p1                                       0x2000a9a0   Data           4  height_ctrl.o(.data)
    p2                                       0x2000a9a4   Data           4  height_ctrl.o(.data)
    speed_ctrl_sel                           0x2000a9a8   Data           1  height_ctrl.o(.data)
    wz_speed                                 0x2000a9ac   Data           4  height_ctrl.o(.data)
    wz_speed_old                             0x2000a9b0   Data           4  height_ctrl.o(.data)
    wz_acc_mms2                              0x2000a9b4   Data           4  height_ctrl.o(.data)
    height_thrv                              0x2000a9b8   Data           4  height_ctrl.o(.data)
    baro_ctrl_start                          0x2000a9bc   Data           1  height_ctrl.o(.data)
    baro_height                              0x2000a9c0   Data           4  height_ctrl.o(.data)
    baro_height_old                          0x2000a9c4   Data           4  height_ctrl.o(.data)
    ultra_sp_test                            0x2000a9c8   Data           8  height_ctrl.o(.data)
    RC_THR_HIGH                              0x2000a9d0   Data           4  height_ctrl.o(.data)
    Pitch_Follow_Dead                        0x2000a9d4   Data           2  height_ctrl.o(.data)
    exp_height1                              0x2000a9d6   Data           2  height_ctrl.o(.data)
    exp_height_head                          0x2000a9d8   Data           4  height_ctrl.o(.data)
    exp_height_head_scan                     0x2000a9dc   Data           4  height_ctrl.o(.data)
    exp_height_head_shoot                    0x2000a9e0   Data           4  height_ctrl.o(.data)
    exp_height_head_check                    0x2000a9e4   Data           4  height_ctrl.o(.data)
    dj_angle                                 0x2000aa28   Data           4  att_control.o(.data)
    dj_angle_offset                          0x2000aa2c   Data          12  att_control.o(.data)
    dj_angle_set                             0x2000aa38   Data           4  att_control.o(.data)
    nav                                      0x2000aa3c   Data           8  att_control.o(.data)
    GPS_angle                                0x2000aa44   Data           8  att_control.o(.data)
    target_position                          0x2000aa4c   Data           8  att_control.o(.data)
    target_position_task_s                   0x2000aa54   Data           8  att_control.o(.data)
    target_position_task_e                   0x2000aa5c   Data           8  att_control.o(.data)
    target_position_task_b                   0x2000aa64   Data           8  att_control.o(.data)
    now_position                             0x2000aa6c   Data           8  att_control.o(.data)
    actual_speed                             0x2000aa74   Data           8  att_control.o(.data)
    tar_speed                                0x2000aa7c   Data           8  att_control.o(.data)
    tar_speed_avoidc                         0x2000aa84   Data           8  att_control.o(.data)
    d_flow_watch                             0x2000aa8c   Data           8  att_control.o(.data)
    integrator                               0x2000aa94   Data           8  att_control.o(.data)
    flow_control_out                         0x2000aa9c   Data           4  att_control.o(.data)
    flow_k                                   0x2000aaa0   Data           4  att_control.o(.data)
    YAW_NO_HEAD                              0x2000aaa4   Data           4  att_control.o(.data)
    except_A_SB                              0x2000aaa8   Data           8  att_control.o(.data)
    except_A_SB_lft                          0x2000aab0   Data           8  att_control.o(.data)
    nav_angle                                0x2000aab8   Data           8  att_control.o(.data)
    scale_lf_sb                              0x2000aac0   Data           4  att_control.o(.data)
    scale_lf_nav                             0x2000aac4   Data           4  att_control.o(.data)
    px_v                                     0x2000aac8   Data           4  att_control.o(.data)
    ix_v                                     0x2000aacc   Data           4  att_control.o(.data)
    yaw_ctrl_out                             0x2000aad0   Data           4  att_control.o(.data)
    Yaw_set_dji                              0x2000aad4   Data           4  att_control.o(.data)
    baro_to_ground                           0x2000aad8   Data           4  att_control.o(.data)
    baro_ground_off                          0x2000aadc   Data           4  att_control.o(.data)
    thr_value                                0x2000aae0   Data           4  att_control.o(.data)
    Thr_Low                                  0x2000aae4   Data           1  att_control.o(.data)
    force_Thr_low                            0x2000aae5   Data           1  att_control.o(.data)
    Thr_Weight                               0x2000aae8   Data           4  att_control.o(.data)
    thr_test                                 0x2000aaec   Data           4  att_control.o(.data)
    init_circle_search                       0x2000aaf0   Data           1  att_control.o(.data)
    nav_land_miss                            0x2000aaf4   Data           8  att_control.o(.data)
    Rate_Max_num                             0x2000aafc   Data           1  att_control.o(.data)
    mode_change                              0x2000aafd   Data           1  att_control.o(.data)
    state_pass                               0x2000aafe   Data           1  att_control.o(.data)
    AUTO_UP_CUARVE                           0x2000ab00   Data          18  att_control.o(.data)
    AUTO_DOWN_CUARVE                         0x2000ab12   Data          12  att_control.o(.data)
    AUTO_DOWN_CUARVE1                        0x2000ab1e   Data          12  att_control.o(.data)
    SONAR_SET_HIGHT                          0x2000ab2c   Data           4  att_control.o(.data)
    AUTO_FLY_HEIGHT                          0x2000ab30   Data           4  att_control.o(.data)
    SONAR_CHECK_DEAD                         0x2000ab34   Data           4  att_control.o(.data)
    AUTO_LAND_HEIGHT_1                       0x2000ab38   Data           4  att_control.o(.data)
    AUTO_LAND_HEIGHT_2                       0x2000ab3c   Data           4  att_control.o(.data)
    AUTO_LAND_HEIGHT_3                       0x2000ab40   Data           4  att_control.o(.data)
    MINE_LAND_HIGH                           0x2000ab44   Data           4  att_control.o(.data)
    AUTO_LAND_SPEED_DEAD                     0x2000ab48   Data           4  att_control.o(.data)
    state_v                                  0x2000ab4c   Data           1  att_control.o(.data)
    baro_ground_high                         0x2000ab50   Data           4  att_control.o(.data)
    nav_land                                 0x2000ab54   Data           8  att_control.o(.data)
    AVOID                                    0x2000ab5c   Data           8  att_control.o(.data)
    cnt_shoot                                0x2000ab64   Data           1  att_control.o(.data)
    force_check                              0x2000ab65   Data           1  att_control.o(.data)
    force_check_pass                         0x2000ab66   Data           1  att_control.o(.data)
    tar_need_to_check_odroid                 0x2000ab67   Data           3  att_control.o(.data)
    tar_cnt                                  0x2000ab6a   Data           1  att_control.o(.data)
    over_time                                0x2000ab6b   Data           1  att_control.o(.data)
    time_fly                                 0x2000ab6c   Data           4  att_control.o(.data)
    m100_gps_in                              0x2000ab70   Data           1  att_control.o(.data)
    nav_circle                               0x2000abd8   Data           8  circle.o(.data)
    nav_circle_last                          0x2000abe0   Data           8  circle.o(.data)
    circle_check                             0x2000abe8   Data           4  circle.o(.data)
    circle_lfp                               0x2000abec   Data           4  circle.o(.data)
    circle_use                               0x2000abf0   Data           8  circle.o(.data)
    nav_gps                                  0x2000abf8   Data           8  circle.o(.data)
    lon                                      0x2000ac00   Data           8  circle.o(.data)
    lat                                      0x2000ac08   Data           8  circle.o(.data)
    flt_gps                                  0x2000ac10   Data           4  circle.o(.data)
    MAX_GPS                                  0x2000ac14   Data           2  circle.o(.data)
    gps_target_change                        0x2000ac16   Data           1  circle.o(.data)
    home_point                               0x2000ac18   Data          16  circle.o(.data)
    check_way_point                          0x2000ac28   Data          16  circle.o(.data)
    way_point                                0x2000ac38   Data          32  circle.o(.data)
    qr_gps_pos                               0x2000ac58   Data          16  circle.o(.data)
    tar_point_globle                         0x2000ac68   Data          16  circle.o(.data)
    tar_point_globler                        0x2000ac78   Data          16  circle.o(.data)
    gps_local_cor_zero                       0x2000ac88   Data          16  circle.o(.data)
    state_set_point                          0x2000ac98   Data           1  circle.o(.data)
    set_point1                               0x2000ac99   Data           1  circle.o(.data)
    get_qr_pos                               0x2000ac9a   Data           1  circle.o(.data)
    qr_pos_off                               0x2000ac9c   Data           8  circle.o(.data)
    drone_local_pos                          0x2000aca4   Data           8  circle.o(.data)
    tar_drone_local_pos                      0x2000acac   Data           8  circle.o(.data)
    yaw_use_gimbal_v                         0x2000acb4   Data           4  circle.o(.data)
    gps_test                                 0x2000acb8   Data           1  circle.o(.data)
    K_ESO_D                                  0x2000acf8   Data           4  eso.o(.data)
    eso_b0_h_init                            0x2000acfc   Data           4  eso.o(.data)
    fast_atan_table                          0x2000ad24   Data        1028  my_math.o(.data)
    altUkfData                               0x2000b128   Data           8  alt_kf.o(.data)
    altUkfData_sonar                         0x2000b130   Data           8  alt_kf.o(.data)
    altUkfData_bmp                           0x2000b138   Data           8  alt_kf.o(.data)
    heapUsed                                 0x2000b140   Data           4  alt_kf.o(.data)
    heapHighWater                            0x2000b144   Data           4  alt_kf.o(.data)
    dataSramUsed                             0x2000b148   Data           4  alt_kf.o(.data)
    ALT_PRES_NOISE                           0x2000b14c   Data           4  alt_kf.o(.data)
    ALT_BIAS_NOISE                           0x2000b150   Data           4  alt_kf.o(.data)
    ALT_VEL_NOISE                            0x2000b154   Data           4  alt_kf.o(.data)
    ALT_PRES_NOISE_SONAR                     0x2000b158   Data           4  alt_kf.o(.data)
    ALT_BIAS_NOISE_BMP                       0x2000b15c   Data           4  alt_kf.o(.data)
    ALT_VEL_NOISE_BMP                        0x2000b160   Data           4  alt_kf.o(.data)
    ALT_POS_SONAR2                           0x2000b164   Data           4  alt_kf.o(.data)
    ALT_POS_SONAR3                           0x2000b168   Data           4  alt_kf.o(.data)
    sonar_h_cnt                              0x2000b16c   Data           4  alt_kf.o(.data)
    sonar_temp                               0x2000b170   Data           4  alt_kf.o(.data)
    K_SONAR                                  0x2000b174   Data           4  alt_kf.o(.data)
    ALT_VEL_BMP_EKF                          0x2000b178   Data           4  alt_kf.o(.data)
    POS_SONAR_TEST                           0x2000b17c   Data           4  alt_kf.o(.data)
    Roll                                     0x2000b18c   Data           4  imu.o(.data)
    Pitch                                    0x2000b190   Data           4  imu.o(.data)
    Yaw                                      0x2000b194   Data           4  imu.o(.data)
    ref_q                                    0x2000b198   Data          16  imu.o(.data)
    norm_acc                                 0x2000b1a8   Data           4  imu.o(.data)
    norm_q                                   0x2000b1ac   Data           4  imu.o(.data)
    norm_acc_lpf                             0x2000b1b0   Data           4  imu.o(.data)
    test_flag                                0x2000b1b4   Data          12  imu.o(.data)
    imu_sel                                  0x2000b1c0   Data           1  imu.o(.data)
    q0                                       0x2000b1c4   Data           4  imu.o(.data)
    q1                                       0x2000b1c8   Data           4  imu.o(.data)
    q2                                       0x2000b1cc   Data           4  imu.o(.data)
    q3                                       0x2000b1d0   Data           4  imu.o(.data)
    exInt                                    0x2000b1d4   Data           4  imu.o(.data)
    eyInt                                    0x2000b1d8   Data           4  imu.o(.data)
    ezInt                                    0x2000b1dc   Data           4  imu.o(.data)
    Yaw1                                     0x2000b1e0   Data           4  imu.o(.data)
    Pitch1                                   0x2000b1e4   Data           4  imu.o(.data)
    Roll1                                    0x2000b1e8   Data           4  imu.o(.data)
    mag_norm                                 0x2000b1ec   Data           4  imu.o(.data)
    mag_norm_xyz                             0x2000b1f0   Data           4  imu.o(.data)
    MEMS_TASK_STK                            0x2000b1fc   Data         512  ucos_task.o(.bss)
    INNER_TASK_STK                           0x2000b3fc   Data         768  ucos_task.o(.bss)
    Rc_Pwm_In                                0x2000b6fc   Data          16  ucos_task.o(.bss)
    set_angle_dj                             0x2000b70c   Data          12  ucos_task.o(.bss)
    kd_dj                                    0x2000b718   Data          12  ucos_task.o(.bss)
    OUTER_TASK_STK                           0x2000b724   Data         768  ucos_task.o(.bss)
    NRF_TASK_STK                             0x2000ba24   Data         768  ucos_task.o(.bss)
    BARO_TASK_STK                            0x2000bd24   Data         768  ucos_task.o(.bss)
    SONAR_TASK_STK                           0x2000c024   Data        2560  ucos_task.o(.bss)
    FLOW_TASK_STK                            0x2000ca24   Data         768  ucos_task.o(.bss)
    acc_v                                    0x2000cd24   Data          12  ucos_task.o(.bss)
    acc_speed_arr                            0x2000cd30   Data         104  ucos_task.o(.bss)
    M100_TASK_STK                            0x2000cd98   Data         768  ucos_task.o(.bss)
    UART_TASK_STK                            0x2000d098   Data         512  ucos_task.o(.bss)
    START_TASK_STK                           0x2000d2a4   Data         256  main.o(.bss)
    MsgGrp                                   0x2000d3a4   Data        1024  main.o(.bss)
    OSEventTbl                               0x2000d7a4   Data         200  os_core.o(.bss)
    OSFlagTbl                                0x2000d86c   Data          80  os_core.o(.bss)
    OSTaskStatStk                            0x2000d8bc   Data         512  os_core.o(.bss)
    OSTaskIdleStk                            0x2000dabc   Data         512  os_core.o(.bss)
    OSTCBPrioTbl                             0x2000dcbc   Data         256  os_core.o(.bss)
    OSTCBTbl                                 0x2000ddbc   Data        1848  os_core.o(.bss)
    OSQTbl                                   0x2000e4f4   Data         120  os_core.o(.bss)
    OSTmrTbl                                 0x2000e56c   Data         640  os_core.o(.bss)
    OSTmrTaskStk                             0x2000e7ec   Data         512  os_core.o(.bss)
    OSTmrWheelTbl                            0x2000e9ec   Data          64  os_core.o(.bss)
    FLASH_Buffer                             0x2000ea2c   Data         240  flash.o(.bss)
    FLASH_READ_BUF                           0x2000eb1c   Data         120  flash.o(.bss)
    pwm_tem_view                             0x2000ec54   Data          32  pwm_out.o(.bss)
    Cycle_T                                  0x2000ec74   Data         180  time.o(.bss)
    now_djr                                  0x2000ed28   Data          16  ultrasonic.o(.bss)
    lastUpdate_djr                           0x2000ed38   Data          16  ultrasonic.o(.bss)
    Rc_Pwm_Inr_mine                          0x2000ed48   Data          32  pwm_inm.o(.bss)
    Rc_Pwm_In_mine                           0x2000ed68   Data          32  pwm_inm.o(.bss)
    Rc_Pwm_Out_mine                          0x2000ed88   Data          32  pwm_inm.o(.bss)
    pwmin                                    0x2000eda8   Data          24  pwm_inm.o(.bss)
    now_dj                                   0x2000edc0   Data          32  pwm_inm.o(.bss)
    lastUpdate_dj                            0x2000ede0   Data          32  pwm_inm.o(.bss)
    NRF24L01_RXDATA                          0x2000ee00   Data          32  nrf.o(.bss)
    NRF24L01_TXDATA                          0x2000ee20   Data          32  nrf.o(.bss)
    key_rc_reg                               0x2000ee40   Data         105  rc_mine.o(.bss)
    RC_GET                                   0x2000eeac   Data          64  rc_mine.o(.bss)
    ypr_sb                                   0x2000eeec   Data          12  rc_mine.o(.bss)
    DEBUG                                    0x2000eef8   Data          40  rc_mine.o(.bss)
    RX_CH                                    0x2000ef20   Data          16  rc.o(.bss)
    RX_CH_FIX                                0x2000ef30   Data          16  rc.o(.bss)
    CH                                       0x2000ef40   Data          16  rc.o(.bss)
    CH_Old                                   0x2000ef50   Data          32  rc.o(.bss)
    CH_filter                                0x2000ef70   Data          32  rc.o(.bss)
    CH_filter_Old                            0x2000ef90   Data          32  rc.o(.bss)
    CH_filter_D                              0x2000efb0   Data          32  rc.o(.bss)
    CLR_CH_Error                             0x2000efd0   Data          16  rc.o(.bss)
    color                                    0x2000eff0   Data          20  usart_fc.o(.bss)
    HPID                                     0x2000f004   Data          18  usart_fc.o(.bss)
    SPID                                     0x2000f016   Data          18  usart_fc.o(.bss)
    FIX_PID                                  0x2000f028   Data          18  usart_fc.o(.bss)
    NAV_PID                                  0x2000f03a   Data          18  usart_fc.o(.bss)
    pid                                      0x2000f04c   Data         224  usart_fc.o(.bss)
    Rc_Get                                   0x2000f12c   Data          20  usart_fc.o(.bss)
    plane                                    0x2000f140   Data         116  usart_fc.o(.bss)
    slam                                     0x2000f1b4   Data          20  usart_fc.o(.bss)
    imu_nav                                  0x2000f1c8   Data         108  usart_fc.o(.bss)
    mode                                     0x2000f234   Data          79  usart_fc.o(.bss)
    TxBuffer                                 0x2000f283   Data         256  usart_fc.o(.bss)
    Rx_Buf                                   0x2000f383   Data         256  usart_fc.o(.bss)
    RxBuffer                                 0x2000f483   Data          50  usart_fc.o(.bss)
    Tx5Buffer                                0x2000f4b5   Data         256  usart_fc.o(.bss)
    gpsx                                     0x2000f5b5   Data         126  usart_fc.o(.bss)
    gps_data                                 0x2000f633   Data         126  usart_fc.o(.bss)
    buf_imu_dj                               0x2000f6b1   Data          20  usart_fc.o(.bss)
    angle_imu_dj                             0x2000f6c8   Data          12  usart_fc.o(.bss)
    TxBuffer4                                0x2000f6d4   Data         256  usart_fc.o(.bss)
    Rx_Buf4                                  0x2000f7d4   Data         256  usart_fc.o(.bss)
    RxBuffer4                                0x2000f8d4   Data          50  usart_fc.o(.bss)
    laser_o                                  0x2000f906   Data          10  usart_fc.o(.bss)
    qr                                       0x2000f910   Data          88  usart_fc.o(.bss)
    Rx_Buf3                                  0x2000f968   Data         256  usart_fc.o(.bss)
    RxBuffer3                                0x2000fa68   Data          50  usart_fc.o(.bss)
    SendBuff1                                0x2000fa9a   Data          64  usart_fc.o(.bss)
    SendBuff2                                0x2000fada   Data          40  usart_fc.o(.bss)
    SendBuff3                                0x2000fb02   Data          32  usart_fc.o(.bss)
    SendBuff4                                0x2000fb22   Data          64  usart_fc.o(.bss)
    flow                                     0x2000fb68   Data         104  usart_fc.o(.bss)
    flow_rad                                 0x2000fbd0   Data          48  usart_fc.o(.bss)
    flow_buf                                 0x2000fc00   Data          27  usart_fc.o(.bss)
    flow_buf_rad                             0x2000fc1b   Data          45  usart_fc.o(.bss)
    HMC5883_FIFO                             0x2000fd48   Data          66  hml_sample.o(.bss)
    mpu6050                                  0x2000fd98   Data         112  mpu6050.o(.bss)
    mpu6050_r                                0x2000fe08   Data         112  mpu6050.o(.bss)
    mpu6050_buffer                           0x2000fe78   Data          14  mpu6050.o(.bss)
    sum_temp                                 0x2000fe88   Data          28  mpu6050.o(.bss)
    FILT_BUF                                 0x20010088   Data         154  mpu6050.o(.bss)
    mpu6050_tmp                              0x20010124   Data          28  mpu6050.o(.bss)
    mpu_fil_tmp                              0x20010140   Data          28  mpu6050.o(.bss)
    acc_off                                  0x2001015c   Data          12  mpu6050.o(.bss)
    acc_scale                                0x20010168   Data          12  mpu6050.o(.bss)
    wz_speed_pid_v                           0x20010180   Data          24  height_ctrl.o(.bss)
    wz_speed_pid_v_safe                      0x20010198   Data          24  height_ctrl.o(.bss)
    wz_speed_pid_v_eso                       0x200101b0   Data          24  height_ctrl.o(.bss)
    ultra_ctrl                               0x200101c8   Data          24  height_ctrl.o(.bss)
    ultra_ctrl_safe                          0x200101e0   Data          24  height_ctrl.o(.bss)
    ultra_ctrl_head                          0x200101f8   Data          24  height_ctrl.o(.bss)
    wz_speed_pid                             0x20010210   Data          12  height_ctrl.o(.bss)
    wz_speed_pid_safe                        0x2001021c   Data          12  height_ctrl.o(.bss)
    ultra_pid_safe                           0x20010228   Data          12  height_ctrl.o(.bss)
    ultra_pid                                0x20010234   Data          12  height_ctrl.o(.bss)
    ultra_pid_head                           0x20010240   Data          12  height_ctrl.o(.bss)
    baro_speed_arr                           0x2001024c   Data          44  height_ctrl.o(.bss)
    ctrl_1                                   0x20010278   Data         196  att_control.o(.bss)
    ctrl_2                                   0x2001033c   Data         196  att_control.o(.bss)
    ctrl_2_fuzzy                             0x20010400   Data         196  att_control.o(.bss)
    except_A                                 0x200104c4   Data          12  att_control.o(.bss)
    except_AR                                0x200104d0   Data          12  att_control.o(.bss)
    ctrl_angle_offset                        0x200104dc   Data          12  att_control.o(.bss)
    compensation                             0x200104e8   Data          12  att_control.o(.bss)
    except_AS                                0x200104f4   Data          12  att_control.o(.bss)
    g_old                                    0x20010500   Data          28  att_control.o(.bss)
    cnt                                      0x2001051c   Data          40  att_control.o(.bss)
    tar_buf                                  0x20010544   Data          20  att_control.o(.bss)
    motor                                    0x20010558   Data          16  att_control.o(.bss)
    posture_value                            0x20010568   Data          16  att_control.o(.bss)
    curve                                    0x20010578   Data          16  att_control.o(.bss)
    circle                                   0x200105c8   Data          88  circle.o(.bss)
    track                                    0x20010620   Data          88  circle.o(.bss)
    mouse                                    0x20010678   Data          88  circle.o(.bss)
    m100                                     0x200106d0   Data          80  circle.o(.bss)
    navUkfData                               0x20010720   Data        1112  circle.o(.bss)
    nav_Data                                 0x20010b78   Data          24  circle.o(.bss)
    qr_ctrl                                  0x20010b90   Data          48  circle.o(.bss)
    qr_pid                                   0x20010bc0   Data          12  circle.o(.bss)
    gps_ctrl                                 0x20010bcc   Data          48  circle.o(.bss)
    gps_pid                                  0x20010bfc   Data          12  circle.o(.bss)
    tar_pos_gps                              0x20010c08   Data          16  circle.o(.bss)
    tar_now_gps                              0x20010c18   Data          16  circle.o(.bss)
    qr_local_pos                             0x20010c28   Data          12  circle.o(.bss)
    qr_local_pos1                            0x20010c34   Data          12  circle.o(.bss)
    eso_att_outter                           0x20010c40   Data         480  eso.o(.bss)
    eso_att_inner                            0x20010e20   Data         480  eso.o(.bss)
    eso_att_outter_c                         0x20011000   Data         480  eso.o(.bss)
    eso_att_inner_c                          0x200111e0   Data         480  eso.o(.bss)
    med_filter_tmp                           0x200113c0   Data        4000  fliter.o(.bss)
    med_filter_out                           0x20012360   Data         200  fliter.o(.bss)
    med_fil_cnt                              0x20012428   Data          50  fliter.o(.bss)
    sonar_h_arr                              0x2001245c   Data          24  alt_kf.o(.bss)
    q_nav                                    0x20012474   Data          16  imu.o(.bss)
    q_nav_r                                  0x20012484   Data          16  imu.o(.bss)
    reference_v                              0x20012494   Data          12  imu.o(.bss)
    ref                                      0x200124a0   Data          60  imu.o(.bss)
    reference_vr                             0x200124dc   Data          12  imu.o(.bss)
    mag_sim_3d                               0x200124e8   Data          12  imu.o(.bss)
    __libspace_start                         0x20012500   Data          96  libspace.o(.bss)
    __temporary_stack_top$libspace           0x20012560   Data           0  libspace.o(.bss)



==============================================================================

Memory Map of the image

  Image Entry point : 0x08000189

  Load Region LR_IROM1 (Base: 0x08000000, Size: 0x00036fdc, Max: 0x00100000, ABSOLUTE, COMPRESSED[0x0002c688])

    Execution Region ER_IROM1 (Base: 0x08000000, Size: 0x0002bde0, Max: 0x00100000, ABSOLUTE)

    Base Addr    Size         Type   Attr      Idx    E Section Name        Object

    0x08000000   0x00000188   Data   RO          425    RESET               startup_stm32f40_41xxx.o
    0x08000188   0x00000008   Code   RO         1959  * !!!main             c_w.l(__main.o)
    0x08000190   0x00000034   Code   RO         2377    !!!scatter          c_w.l(__scatter.o)
    0x080001c4   0x0000005a   Code   RO         2375    !!dczerorl2         c_w.l(__dczerorl2.o)
    0x0800021e   0x00000002   PAD
    0x08000220   0x0000001c   Code   RO         2379    !!handler_zi        c_w.l(__scatter_zi.o)
    0x0800023c   0x00000002   Code   RO         2297    .ARM.Collect$$libinit$$00000000  c_w.l(libinit.o)
    0x0800023e   0x00000004   Code   RO         2225    .ARM.Collect$$libinit$$00000001  c_w.l(libinit2.o)
    0x08000242   0x00000000   Code   RO         2228    .ARM.Collect$$libinit$$00000004  c_w.l(libinit2.o)
    0x08000242   0x00000000   Code   RO         2231    .ARM.Collect$$libinit$$0000000A  c_w.l(libinit2.o)
    0x08000242   0x00000000   Code   RO         2233    .ARM.Collect$$libinit$$0000000C  c_w.l(libinit2.o)
    0x08000242   0x00000000   Code   RO         2235    .ARM.Collect$$libinit$$0000000E  c_w.l(libinit2.o)
    0x08000242   0x00000000   Code   RO         2238    .ARM.Collect$$libinit$$00000011  c_w.l(libinit2.o)
    0x08000242   0x00000000   Code   RO         2240    .ARM.Collect$$libinit$$00000013  c_w.l(libinit2.o)
    0x08000242   0x00000000   Code   RO         2242    .ARM.Collect$$libinit$$00000015  c_w.l(libinit2.o)
    0x08000242   0x00000000   Code   RO         2244    .ARM.Collect$$libinit$$00000017  c_w.l(libinit2.o)
    0x08000242   0x00000000   Code   RO         2246    .ARM.Collect$$libinit$$00000019  c_w.l(libinit2.o)
    0x08000242   0x00000000   Code   RO         2248    .ARM.Collect$$libinit$$0000001B  c_w.l(libinit2.o)
    0x08000242   0x00000000   Code   RO         2250    .ARM.Collect$$libinit$$0000001D  c_w.l(libinit2.o)
    0x08000242   0x00000000   Code   RO         2252    .ARM.Collect$$libinit$$0000001F  c_w.l(libinit2.o)
    0x08000242   0x00000000   Code   RO         2254    .ARM.Collect$$libinit$$00000021  c_w.l(libinit2.o)
    0x08000242   0x00000000   Code   RO         2256    .ARM.Collect$$libinit$$00000023  c_w.l(libinit2.o)
    0x08000242   0x00000000   Code   RO         2258    .ARM.Collect$$libinit$$00000025  c_w.l(libinit2.o)
    0x08000242   0x00000000   Code   RO         2262    .ARM.Collect$$libinit$$0000002C  c_w.l(libinit2.o)
    0x08000242   0x00000000   Code   RO         2264    .ARM.Collect$$libinit$$0000002E  c_w.l(libinit2.o)
    0x08000242   0x00000000   Code   RO         2266    .ARM.Collect$$libinit$$00000030  c_w.l(libinit2.o)
    0x08000242   0x00000000   Code   RO         2268    .ARM.Collect$$libinit$$00000032  c_w.l(libinit2.o)
    0x08000242   0x00000002   Code   RO         2269    .ARM.Collect$$libinit$$00000033  c_w.l(libinit2.o)
    0x08000244   0x00000002   Code   RO         2372    .ARM.Collect$$libshutdown$$00000000  c_w.l(libshutdown.o)
    0x08000246   0x00000000   Code   RO         2326    .ARM.Collect$$libshutdown$$00000002  c_w.l(libshutdown2.o)
    0x08000246   0x00000000   Code   RO         2328    .ARM.Collect$$libshutdown$$00000004  c_w.l(libshutdown2.o)
    0x08000246   0x00000000   Code   RO         2331    .ARM.Collect$$libshutdown$$00000007  c_w.l(libshutdown2.o)
    0x08000246   0x00000000   Code   RO         2334    .ARM.Collect$$libshutdown$$0000000A  c_w.l(libshutdown2.o)
    0x08000246   0x00000000   Code   RO         2336    .ARM.Collect$$libshutdown$$0000000C  c_w.l(libshutdown2.o)
    0x08000246   0x00000000   Code   RO         2339    .ARM.Collect$$libshutdown$$0000000F  c_w.l(libshutdown2.o)
    0x08000246   0x00000002   Code   RO         2340    .ARM.Collect$$libshutdown$$00000010  c_w.l(libshutdown2.o)
    0x08000248   0x00000000   Code   RO         2085    .ARM.Collect$$rtentry$$00000000  c_w.l(__rtentry.o)
    0x08000248   0x00000000   Code   RO         2183    .ARM.Collect$$rtentry$$00000002  c_w.l(__rtentry2.o)
    0x08000248   0x00000006   Code   RO         2195    .ARM.Collect$$rtentry$$00000004  c_w.l(__rtentry4.o)
    0x0800024e   0x00000000   Code   RO         2185    .ARM.Collect$$rtentry$$00000009  c_w.l(__rtentry2.o)
    0x0800024e   0x00000004   Code   RO         2186    .ARM.Collect$$rtentry$$0000000A  c_w.l(__rtentry2.o)
    0x08000252   0x00000000   Code   RO         2188    .ARM.Collect$$rtentry$$0000000C  c_w.l(__rtentry2.o)
    0x08000252   0x00000008   Code   RO         2189    .ARM.Collect$$rtentry$$0000000D  c_w.l(__rtentry2.o)
    0x0800025a   0x00000002   Code   RO         2307    .ARM.Collect$$rtexit$$00000000  c_w.l(rtexit.o)
    0x0800025c   0x00000000   Code   RO         2346    .ARM.Collect$$rtexit$$00000002  c_w.l(rtexit2.o)
    0x0800025c   0x00000004   Code   RO         2347    .ARM.Collect$$rtexit$$00000003  c_w.l(rtexit2.o)
    0x08000260   0x00000006   Code   RO         2348    .ARM.Collect$$rtexit$$00000004  c_w.l(rtexit2.o)
    0x08000266   0x00000002   PAD
    0x08000268   0x000031f8   Code   RO            3    .text               ucos_task.o
    0x08003460   0x00000478   Code   RO          307    .text               main.o
    0x080038d8   0x00000016   Code   RO          350    .text               stm32f4xx_it.o
    0x080038ee   0x00000002   PAD
    0x080038f0   0x00000210   Code   RO          399    .text               system_stm32f4xx.o
    0x08003b00   0x00000040   Code   RO          426    .text               startup_stm32f40_41xxx.o
    0x08003b40   0x00000108   Code   RO          432    .text               delay.o
    0x08003c48   0x000000e0   Code   RO          472    .text               misc.o
    0x08003d28   0x00000294   Code   RO          492    .text               stm32f4xx_gpio.o
    0x08003fbc   0x0000065c   Code   RO          535    .text               stm32f4xx_rcc.o
    0x08004618   0x00000094   Code   RO          557    .text               stm32f4xx_syscfg.o
    0x080046ac   0x00000454   Code   RO          577    .text               stm32f4xx_usart.o
    0x08004b00   0x00000ca2   Code   RO          597    .text               stm32f4xx_tim.o
    0x080057a2   0x00000002   PAD
    0x080057a4   0x00000694   Code   RO          617    .text               stm32f4xx_flash.o
    0x08005e38   0x00000110   Code   RO          637    .text               stm32f4xx_exti.o
    0x08005f48   0x00000480   Code   RO          677    .text               stm32f4xx_spi.o
    0x080063c8   0x000003a8   Code   RO          697    .text               stm32f4xx_dma.o
    0x08006770   0x000000a0   Code   RO          717    .text               stm32f4xx_rng.o
    0x08006810   0x00000894   Code   RO          737    .text               os_core.o
    0x080070a4   0x0000080c   Code   RO          765    .text               os_flag.o
    0x080078b0   0x000003cc   Code   RO          785    .text               os_mbox.o
    0x08007c7c   0x000005e8   Code   RO          839    .text               os_q.o
    0x08008264   0x0000038c   Code   RO          859    .text               os_sem.o
    0x080085f0   0x000007c4   Code   RO          879    .text               os_task.o
    0x08008db4   0x000001b0   Code   RO          899    .text               os_time.o
    0x08008f64   0x00000634   Code   RO          919    .text               os_tmr.o
    0x08009598   0x000000c8   Code   RO          937    .text               os_cpu_a.o
    0x08009660   0x000001e8   Code   RO          942    .text               os_cpu_c.o
    0x08009848   0x00000424   Code   RO          972    .text               iic_fc.o
    0x08009c6c   0x00000bf4   Code   RO          992    .text               flash.o
    0x0800a860   0x000003e0   Code   RO         1022    .text               iic_soft.o
    0x0800ac40   0x000004a0   Code   RO         1048    .text               led_fc.o
    0x0800b0e0   0x000002dc   Code   RO         1069    .text               parameter.o
    0x0800b3bc   0x00000814   Code   RO         1093    .text               pwm_out.o
    0x0800bbd0   0x00000164   Code   RO         1123    .text               spi_nrf.o
    0x0800bd34   0x00000164   Code   RO         1143    .text               time.o
    0x0800be98   0x00000b38   Code   RO         1174    .text               ultrasonic.o
    0x0800c9d0   0x000000e8   Code   RO         1208    .text               dma.o
    0x0800cab8   0x00000472   Code   RO         1228    .text               iic_sonar.o
    0x0800cf2a   0x00000002   PAD
    0x0800cf2c   0x00000a7c   Code   RO         1248    .text               pwm_inm.o
    0x0800d9a8   0x0000006c   Code   RO         1283    .text               rng.o
    0x0800da14   0x0000029c   Code   RO         1303    .text               nrf.o
    0x0800dcb0   0x00001b10   Code   RO         1330    .text               rc_mine.o
    0x0800f7c0   0x00000618   Code   RO         1358    .text               rc.o
    0x0800fdd8   0x00005154   Code   RO         1385    .text               usart_fc.o
    0x08014f2c   0x000008c0   Code   RO         1433    .text               gps.o
    0x080157ec   0x00000584   Code   RO         1457    .text               m100.o
    0x08015d70   0x00000804   Code   RO         1480    .text               hml_sample.o
    0x08016574   0x000009d4   Code   RO         1511    .text               mpu6050.o
    0x08016f48   0x00000758   Code   RO         1538    .text               ms5611_2.o
    0x080176a0   0x00000420   Code   RO         1565    .text               flow.o
    0x08017ac0   0x00001820   Code   RO         1607    .text               height_ctrl.o
    0x080192e0   0x00007e50   Code   RO         1643    .text               att_control.o
    0x08021130   0x00002d08   Code   RO         1679    .text               circle.o
    0x08023e38   0x00001534   Code   RO         1720    .text               eso.o
    0x0802536c   0x000004ca   Code   RO         1747    .text               fliter.o
    0x08025836   0x00000002   PAD
    0x08025838   0x000005b4   Code   RO         1771    .text               my_math.o
    0x08025dec   0x000015bc   Code   RO         1794    .text               alt_kf.o
    0x080273a8   0x00001514   Code   RO         1837    .text               imu.o
    0x080288bc   0x0000004e   Code   RO         1895    .text               c_w.l(h1_free.o)
    0x0802890a   0x00000048   Code   RO         1949    .text               c_w.l(llsdiv.o)
    0x08028952   0x00000024   Code   RO         1951    .text               c_w.l(strstr.o)
    0x08028976   0x0000004e   Code   RO         1955    .text               c_w.l(rt_memclr_w.o)
    0x080289c4   0x00000006   Code   RO         1957    .text               c_w.l(heapauxi.o)
    0x080289ca   0x00000002   PAD
    0x080289cc   0x00000008   Code   RO         2089    .text               c_w.l(rt_heap_descriptor_intlibspace.o)
    0x080289d4   0x000000ee   Code   RO         2113    .text               c_w.l(lludivv7m.o)
    0x08028ac2   0x00000016   Code   RO         2115    .text               c_w.l(_rserrno.o)
    0x08028ad8   0x00000008   Code   RO         2179    .text               c_w.l(libspace.o)
    0x08028ae0   0x00000008   Code   RO         2204    .text               c_w.l(rt_errno_addr_intlibspace.o)
    0x08028ae8   0x0000004a   Code   RO         2274    .text               c_w.l(sys_stackheap_outer.o)
    0x08028b32   0x00000012   Code   RO         2284    .text               c_w.l(exit.o)
    0x08028b44   0x0000000c   Code   RO         2302    .text               c_w.l(sys_exit.o)
    0x08028b50   0x00000002   Code   RO         2304    .text               c_w.l(use_no_semi.o)
    0x08028b52   0x00000000   Code   RO         2306    .text               c_w.l(indicate_semi.o)
    0x08028b52   0x00000030   Code   RO         2163    i.__ARM_fpclassify  m_wm.l(fpclassify.o)
    0x08028b82   0x00000006   PAD
    0x08028b88   0x00000360   Code   RO         2001    i.__hardfp_asin     m_wm.l(asin.o)
    0x08028ee8   0x000002d8   Code   RO         2132    i.__hardfp_atan     m_wm.l(atan.o)
    0x080291c0   0x000001f0   Code   RO         2015    i.__hardfp_atan2    m_wm.l(atan2.o)
    0x080293b0   0x000000c8   Code   RO         2027    i.__hardfp_cos      m_wm.l(cos.o)
    0x08029478   0x00000014   Code   RO         2039    i.__hardfp_fabs     m_wm.l(fabs.o)
    0x0802948c   0x00000004   PAD
    0x08029490   0x00000c50   Code   RO         2045    i.__hardfp_pow      m_wm.l(pow.o)
    0x0802a0e0   0x000000c8   Code   RO         2059    i.__hardfp_sin      m_wm.l(sin.o)
    0x0802a1a8   0x0000007a   Code   RO         2071    i.__hardfp_sqrt     m_wm.l(sqrt.o)
    0x0802a222   0x00000006   PAD
    0x0802a228   0x00000438   Code   RO         2168    i.__ieee754_rem_pio2  m_wm.l(rred.o)
    0x0802a660   0x00000170   Code   RO         2146    i.__kernel_cos      m_wm.l(cos_i.o)
    0x0802a7d0   0x000000f8   Code   RO         2165    i.__kernel_poly     m_wm.l(poly.o)
    0x0802a8c8   0x00000130   Code   RO         2173    i.__kernel_sin      m_wm.l(sin_i.o)
    0x0802a9f8   0x00000030   Code   RO         2149    i.__mathlib_dbl_divzero  m_wm.l(dunder.o)
    0x0802aa28   0x00000014   Code   RO         2150    i.__mathlib_dbl_infnan  m_wm.l(dunder.o)
    0x0802aa3c   0x00000014   Code   RO         2151    i.__mathlib_dbl_infnan2  m_wm.l(dunder.o)
    0x0802aa50   0x00000020   Code   RO         2152    i.__mathlib_dbl_invalid  m_wm.l(dunder.o)
    0x0802aa70   0x00000020   Code   RO         2153    i.__mathlib_dbl_overflow  m_wm.l(dunder.o)
    0x0802aa90   0x00000020   Code   RO         2155    i.__mathlib_dbl_underflow  m_wm.l(dunder.o)
    0x0802aab0   0x00000010   Code   RO         2134    i.atan              m_wm.l(atan.o)
    0x0802aac0   0x00000018   Code   RO         2041    i.fabs              m_wm.l(fabs.o)
    0x0802aad8   0x0000006e   Code   RO         2073    i.sqrt              m_wm.l(sqrt.o)
    0x0802ab46   0x00000018   Code   RO         1961    x$fpl$basic         fz_wm.l(basic.o)
    0x0802ab5e   0x00000002   PAD
    0x0802ab60   0x00000062   Code   RO         1963    x$fpl$d2f           fz_wm.l(d2f.o)
    0x0802abc2   0x00000002   PAD
    0x0802abc4   0x00000150   Code   RO         1965    x$fpl$dadd          fz_wm.l(daddsub_clz.o)
    0x0802ad14   0x00000010   Code   RO         2270    x$fpl$dcheck1       fz_wm.l(dcheck1.o)
    0x0802ad24   0x00000018   Code   RO         2117    x$fpl$dcmpinf       fz_wm.l(dcmpi.o)
    0x0802ad3c   0x000002b0   Code   RO         1972    x$fpl$ddiv          fz_wm.l(ddiv.o)
    0x0802afec   0x00000078   Code   RO         1975    x$fpl$deqf          fz_wm.l(deqf.o)
    0x0802b064   0x0000005e   Code   RO         1977    x$fpl$dfix          fz_wm.l(dfix.o)
    0x0802b0c2   0x00000002   PAD
    0x0802b0c4   0x0000005a   Code   RO         1981    x$fpl$dfixu         fz_wm.l(dfixu.o)
    0x0802b11e   0x0000002e   Code   RO         1986    x$fpl$dflt          fz_wm.l(dflt_clz.o)
    0x0802b14c   0x00000026   Code   RO         1985    x$fpl$dfltu         fz_wm.l(dflt_clz.o)
    0x0802b172   0x00000002   PAD
    0x0802b174   0x00000078   Code   RO         1991    x$fpl$dleqf         fz_wm.l(dleqf.o)
    0x0802b1ec   0x00000154   Code   RO         1993    x$fpl$dmul          fz_wm.l(dmul.o)
    0x0802b340   0x0000009c   Code   RO         2119    x$fpl$dnaninf       fz_wm.l(dnaninf.o)
    0x0802b3dc   0x0000000c   Code   RO         2121    x$fpl$dretinf       fz_wm.l(dretinf.o)
    0x0802b3e8   0x0000006c   Code   RO         1995    x$fpl$drleqf        fz_wm.l(drleqf.o)
    0x0802b454   0x00000016   Code   RO         1966    x$fpl$drsb          fz_wm.l(daddsub_clz.o)
    0x0802b46a   0x00000002   PAD
    0x0802b46c   0x00000198   Code   RO         2123    x$fpl$dsqrt         fz_wm.l(dsqrt_umaal.o)
    0x0802b604   0x000001d4   Code   RO         1967    x$fpl$dsub          fz_wm.l(daddsub_clz.o)
    0x0802b7d8   0x00000056   Code   RO         1997    x$fpl$f2d           fz_wm.l(f2d.o)
    0x0802b82e   0x00000060   Code   RO         1999    x$fpl$ffltll        fz_wm.l(ffltll_clz.o)
    0x0802b88e   0x0000008c   Code   RO         2125    x$fpl$fnaninf       fz_wm.l(fnaninf.o)
    0x0802b91a   0x0000000a   Code   RO         2298    x$fpl$fpinit        fz_wm.l(fpinit.o)
    0x0802b924   0x0000000a   Code   RO         2127    x$fpl$fretinf       fz_wm.l(fretinf.o)
    0x0802b92e   0x00000064   Code   RO         2300    x$fpl$retnan        fz_wm.l(retnan.o)
    0x0802b992   0x0000005c   Code   RO         2129    x$fpl$scalbn        fz_wm.l(scalbn.o)
    0x0802b9ee   0x00000030   Code   RO         2341    x$fpl$trapveneer    fz_wm.l(trapv.o)
    0x0802ba1e   0x00000000   Code   RO         2131    x$fpl$usenofp       fz_wm.l(usenofp.o)
    0x0802ba1e   0x00000100   Data   RO          739    .constdata          os_core.o
    0x0802bb1e   0x00000002   PAD
    0x0802bb20   0x00000008   Data   RO         1681    .constdata          circle.o
    0x0802bb28   0x00000050   Data   RO         2004    .constdata          m_wm.l(asin.o)
    0x0802bb78   0x00000088   Data   RO         2048    .constdata          m_wm.l(pow.o)
    0x0802bc00   0x00000098   Data   RO         2135    .constdata          m_wm.l(atan.o)
    0x0802bc98   0x00000030   Data   RO         2147    .constdata          m_wm.l(cos_i.o)
    0x0802bcc8   0x00000008   Data   RO         2167    .constdata          m_wm.l(qnan.o)
    0x0802bcd0   0x000000c8   Data   RO         2170    .constdata          m_wm.l(rred.o)
    0x0802bd98   0x00000028   Data   RO         2174    .constdata          m_wm.l(sin_i.o)
    0x0802bdc0   0x00000020   Data   RO         2373    Region$$Table       anon$$obj.o


    Execution Region RW_IRAM1 (Base: 0x20000000, Size: 0x00012b60, Max: 0x00020000, ABSOLUTE, COMPRESSED[0x000008a8])

    Base Addr    Size         Type   Attr      Idx    E Section Name        Object

    0x20000000   0x0000a000   Data   RW         1796    .ccm                alt_kf.o
    0x2000a000   0x000001f3   Data   RW            5    .data               ucos_task.o
    0x2000a1f3   0x00000001   PAD
    0x2000a1f4   0x0000000d   Data   RW          309    .data               main.o
    0x2000a201   0x00000003   PAD
    0x2000a204   0x00000014   Data   RW          400    .data               system_stm32f4xx.o
    0x2000a218   0x00000004   Data   RW          433    .data               delay.o
    0x2000a21c   0x00000010   Data   RW          536    .data               stm32f4xx_rcc.o
    0x2000a22c   0x0000005c   Data   RW          740    .data               os_core.o
    0x2000a288   0x00000006   Data   RW          943    .data               os_cpu_c.o
    0x2000a28e   0x00000001   Data   RW         1023    .data               iic_soft.o
    0x2000a28f   0x00000001   PAD
    0x2000a290   0x0000000a   Data   RW         1049    .data               led_fc.o
    0x2000a29a   0x0000000f   Data   RW         1095    .data               pwm_out.o
    0x2000a2a9   0x00000003   PAD
    0x2000a2ac   0x00000014   Data   RW         1145    .data               time.o
    0x2000a2c0   0x0000009c   Data   RW         1176    .data               ultrasonic.o
    0x2000a35c   0x00000036   Data   RW         1250    .data               pwm_inm.o
    0x2000a392   0x0000000a   Data   RW         1305    .data               nrf.o
    0x2000a39c   0x0000004a   Data   RW         1332    .data               rc_mine.o
    0x2000a3e6   0x00000002   PAD
    0x2000a3e8   0x00000047   Data   RW         1360    .data               rc.o
    0x2000a42f   0x00000001   PAD
    0x2000a430   0x00000210   Data   RW         1387    .data               usart_fc.o
    0x2000a640   0x00000008   Data   RW         1435    .data               gps.o
    0x2000a648   0x00000010   Data   RW         1458    .data               m100.o
    0x2000a658   0x000000cc   Data   RW         1482    .data               hml_sample.o
    0x2000a724   0x00000004   PAD
    0x2000a728   0x000000dd   Data   RW         1513    .data               mpu6050.o
    0x2000a805   0x00000003   PAD
    0x2000a808   0x00000081   Data   RW         1540    .data               ms5611_2.o
    0x2000a889   0x00000007   PAD
    0x2000a890   0x000000a0   Data   RW         1567    .data               flow.o
    0x2000a930   0x000000f8   Data   RW         1609    .data               height_ctrl.o
    0x2000aa28   0x000001a9   Data   RW         1645    .data               att_control.o
    0x2000abd1   0x00000007   PAD
    0x2000abd8   0x0000011e   Data   RW         1682    .data               circle.o
    0x2000acf6   0x00000002   PAD
    0x2000acf8   0x00000020   Data   RW         1722    .data               eso.o
    0x2000ad18   0x0000000c   Data   RW         1749    .data               fliter.o
    0x2000ad24   0x00000404   Data   RW         1772    .data               my_math.o
    0x2000b128   0x00000064   Data   RW         1797    .data               alt_kf.o
    0x2000b18c   0x00000070   Data   RW         1839    .data               imu.o
    0x2000b1fc   0x000020a8   Zero   RW            4    .bss                ucos_task.o
    0x2000d2a4   0x00000500   Zero   RW          308    .bss                main.o
    0x2000d7a4   0x00001288   Zero   RW          738    .bss                os_core.o
    0x2000ea2c   0x00000168   Zero   RW          993    .bss                flash.o
    0x2000eb94   0x000000c0   Zero   RW         1070    .bss                parameter.o
    0x2000ec54   0x00000020   Zero   RW         1094    .bss                pwm_out.o
    0x2000ec74   0x000000b4   Zero   RW         1144    .bss                time.o
    0x2000ed28   0x00000020   Zero   RW         1175    .bss                ultrasonic.o
    0x2000ed48   0x000000b8   Zero   RW         1249    .bss                pwm_inm.o
    0x2000ee00   0x00000040   Zero   RW         1304    .bss                nrf.o
    0x2000ee40   0x000000e0   Zero   RW         1331    .bss                rc_mine.o
    0x2000ef20   0x000000d0   Zero   RW         1359    .bss                rc.o
    0x2000eff0   0x00000c64   Zero   RW         1386    .bss                usart_fc.o
    0x2000fc54   0x00000004   PAD
    0x2000fc58   0x00000140   Zero   RW         1481    .bss                hml_sample.o
    0x2000fd98   0x000003dc   Zero   RW         1512    .bss                mpu6050.o
    0x20010174   0x0000000c   Zero   RW         1539    .bss                ms5611_2.o
    0x20010180   0x000000f8   Zero   RW         1608    .bss                height_ctrl.o
    0x20010278   0x0000034c   Zero   RW         1644    .bss                att_control.o
    0x200105c4   0x00000004   PAD
    0x200105c8   0x00000678   Zero   RW         1680    .bss                circle.o
    0x20010c40   0x00000780   Zero   RW         1721    .bss                eso.o
    0x200113c0   0x0000109a   Zero   RW         1748    .bss                fliter.o
    0x2001245a   0x00000002   PAD
    0x2001245c   0x00000018   Zero   RW         1795    .bss                alt_kf.o
    0x20012474   0x0000008c   Zero   RW         1838    .bss                imu.o
    0x20012500   0x00000060   Zero   RW         2180    .bss                c_w.l(libspace.o)
    0x20012560   0x00000200   Zero   RW          424    HEAP                startup_stm32f40_41xxx.o
    0x20012760   0x00000400   Zero   RW          423    STACK               startup_stm32f40_41xxx.o


==============================================================================

Image component sizes


      Code (inc. data)   RO Data    RW Data    ZI Data      Debug   Object Name

      5564        128          0      41060         24      27790   alt_kf.o
     32336       3192          0        425        844      19336   att_control.o
     11528        932          8        286       1656      18382   circle.o
       264         18          0          4          0       1483   delay.o
       232          4          0          0          0       1528   dma.o
      5428        228          0         32       1920      10361   eso.o
      3060        170          0          0        360       3520   flash.o
      1226         42          0         12       4250       4441   fliter.o
      1056        132          0        160          0       2203   flow.o
      2240         74          0          8          0       5873   gps.o
      6176        786          0        248        248       8894   height_ctrl.o
      2052        110          0        204        320       7535   hml_sample.o
      1060         12          0          0          0       4859   iic_fc.o
       992         10          0          1          0       4682   iic_soft.o
      1138         26          0          0          0       5128   iic_sonar.o
      5396        258          0        112        140       5625   imu.o
      1184        102          0         10          0       1908   led_fc.o
      1412         56          0         16          0       4895   m100.o
      1144        212          0         13       1280       9961   main.o
       224         20          0          0          0       1885   misc.o
      2516        158          0        221        988      17446   mpu6050.o
      1880        160          0        129         12       6251   ms5611_2.o
      1460        110          0       1028          0       5623   my_math.o
       668         14          0         10         64       3748   nrf.o
      2196        218        256         92       4744      16147   os_core.o
       200         32          0          0          0        352   os_cpu_a.o
       488          8          0          6          0      11995   os_cpu_c.o
      2060         42          0          0          0       7288   os_flag.o
       972         16          0          0          0       4394   os_mbox.o
      1512         30          0          0          0       5853   os_q.o
       908         18          0          0          0       4126   os_sem.o
      1988         70          0          0          0       7973   os_task.o
       432         30          0          0          0       1914   os_time.o
      1588         94          0          0          0       5817   os_tmr.o
       732         80          0          0        192       1191   parameter.o
      2684        124          0         54        184       4978   pwm_inm.o
      2068        100          0         15         32       4803   pwm_out.o
      1560        128          0         71        208       3625   rc.o
      6928        548          0         74        224       8091   rc_mine.o
       108          0          0          0          0       1045   rng.o
       356          8          0          0          0        987   spi_nrf.o
        64         26        392          0       1536        860   startup_stm32f40_41xxx.o
       936         32          0          0          0       6461   stm32f4xx_dma.o
       272         10          0          0          0       2355   stm32f4xx_exti.o
      1684         28          0          0          0       9490   stm32f4xx_flash.o
       660         44          0          0          0       4225   stm32f4xx_gpio.o
        22          0          0          0          0       1067   stm32f4xx_it.o
      1628         52          0         16          0      13136   stm32f4xx_rcc.o
       160          4          0          0          0       1844   stm32f4xx_rng.o
      1152         36          0          0          0       6977   stm32f4xx_spi.o
       148         12          0          0          0       1877   stm32f4xx_syscfg.o
      3234         60          0          0          0      23084   stm32f4xx_tim.o
      1108         34          0          0          0       7952   stm32f4xx_usart.o
       528         46          0         20          0       1879   system_stm32f4xx.o
       356         18          0         20        180      29537   time.o
     12792       1120          0        499       8360     339656   ucos_task.o
      2872        268          0        156         32       5973   ultrasonic.o
     20820        916          0        528       3172      37085   usart_fc.o

    ----------------------------------------------------------------------
    165460      11206        690      45564      30980     767394   Object Totals
         0          0         32          0          0          0   (incl. Generated)
         8          0          2         34         10          0   (incl. Padding)

    ----------------------------------------------------------------------

      Code (inc. data)   RO Data    RW Data    ZI Data      Debug   Library Member Name

        90          0          0          0          0          0   __dczerorl2.o
         8          0          0          0          0         68   __main.o
         0          0          0          0          0          0   __rtentry.o
        12          0          0          0          0          0   __rtentry2.o
         6          0          0          0          0          0   __rtentry4.o
        52          8          0          0          0          0   __scatter.o
        28          0          0          0          0          0   __scatter_zi.o
        22          0          0          0          0        100   _rserrno.o
        18          0          0          0          0         80   exit.o
        78          0          0          0          0         80   h1_free.o
         6          0          0          0          0        152   heapauxi.o
         0          0          0          0          0          0   indicate_semi.o
         2          0          0          0          0          0   libinit.o
         6          0          0          0          0          0   libinit2.o
         2          0          0          0          0          0   libshutdown.o
         2          0          0          0          0          0   libshutdown2.o
         8          4          0          0         96         68   libspace.o
        72          0          0          0          0         76   llsdiv.o
       238          0          0          0          0        100   lludivv7m.o
         8          4          0          0          0         68   rt_errno_addr_intlibspace.o
         8          4          0          0          0         68   rt_heap_descriptor_intlibspace.o
        78          0          0          0          0         80   rt_memclr_w.o
         2          0          0          0          0          0   rtexit.o
        10          0          0          0          0          0   rtexit2.o
        36          0          0          0          0         80   strstr.o
        12          4          0          0          0         68   sys_exit.o
        74          0          0          0          0         80   sys_stackheap_outer.o
         2          0          0          0          0         68   use_no_semi.o
        24          0          0          0          0        164   basic.o
        98          4          0          0          0        140   d2f.o
       826         16          0          0          0        492   daddsub_clz.o
        16          4          0          0          0        116   dcheck1.o
        24          0          0          0          0        116   dcmpi.o
       688        140          0          0          0        256   ddiv.o
       120          4          0          0          0        140   deqf.o
        94          4          0          0          0        140   dfix.o
        90          4          0          0          0        140   dfixu.o
        84          0          0          0          0        232   dflt_clz.o
       120          4          0          0          0        140   dleqf.o
       340         12          0          0          0        152   dmul.o
       156          4          0          0          0        140   dnaninf.o
        12          0          0          0          0        116   dretinf.o
       108          0          0          0          0        128   drleqf.o
       408         56          0          0          0        168   dsqrt_umaal.o
        86          4          0          0          0        132   f2d.o
        96          0          0          0          0        132   ffltll_clz.o
       140          4          0          0          0        132   fnaninf.o
        10          0          0          0          0        116   fpinit.o
        10          0          0          0          0        116   fretinf.o
       100          0          0          0          0        116   retnan.o
        92          0          0          0          0        116   scalbn.o
        48          0          0          0          0        116   trapv.o
         0          0          0          0          0          0   usenofp.o
       864         94         80          0          0        280   asin.o
       744        106        152          0          0        352   atan.o
       496         64          0          0          0        192   atan2.o
       200         20          0          0          0        164   cos.o
       368         46         48          0          0        200   cos_i.o
       184         44          0          0          0        744   dunder.o
        44          0          0          0          0        248   fabs.o
        48          0          0          0          0        124   fpclassify.o
       248          0          0          0          0        152   poly.o
      3152        296        136          0          0        352   pow.o
         0          0          8          0          0          0   qnan.o
      1080        142        200          0          0        188   rred.o
       200         20          0          0          0        164   sin.o
       304         24         40          0          0        208   sin_i.o
       232          0          0          0          0        296   sqrt.o

    ----------------------------------------------------------------------
     12866       1140        664          0         96       8656   Library Totals
        32          0          0          0          0          0   (incl. Padding)

    ----------------------------------------------------------------------

      Code (inc. data)   RO Data    RW Data    ZI Data      Debug   Library Name

       880         24          0          0         96       1236   c_w.l
      3790        260          0          0          0       3756   fz_wm.l
      8164        856        664          0          0       3664   m_wm.l

    ----------------------------------------------------------------------
     12866       1140        664          0         96       8656   Library Totals

    ----------------------------------------------------------------------

==============================================================================


      Code (inc. data)   RO Data    RW Data    ZI Data      Debug   

    178326      12346       1354      45564      31076     758878   Grand Totals
    178326      12346       1354       2216      31076     758878   ELF Image Totals (compressed)
    178326      12346       1354       2216          0          0   ROM Totals

==============================================================================

    Total RO  Size (Code + RO Data)               179680 ( 175.47kB)
    Total RW  Size (RW Data + ZI Data)             76640 (  74.84kB)
    Total ROM Size (Code + RO Data + RW Data)     181896 ( 177.63kB)

==============================================================================

